2026-02-08 03:05:36 - WARN - com.zaxxer.hikari.pool.HikariPool - HikariPool-3 - Thread starvation or clock leap detected (housekeeper delta=3h34s603ms999µs99ns).
2026-02-08 09:01:36 - WARN - com.zaxxer.hikari.pool.HikariPool - HikariPool-3 - Thread starvation or clock leap detected (housekeeper delta=5h56m10ms140µs101ns).
2026-02-08 09:38:56 - INFO - o.s.b.d.a.LocalDevToolsAutoConfiguration$RestartingClassPathChangeChangedEventListener - Restarting due to 16 class path changes (0 additions, 9 deletions, 7 modifications)
2026-02-08 09:38:58 - INFO - o.s.b.w.e.tomcat.GracefulShutdown - Commencing graceful shutdown. Waiting for active requests to complete
2026-02-08 09:39:01 - INFO - o.s.b.w.e.tomcat.GracefulShutdown - Graceful shutdown complete
2026-02-08 09:39:01 - INFO - o.s.o.j.LocalContainerEntityManagerFactoryBean - Closing JPA EntityManagerFactory for persistence unit 'default'
2026-02-08 09:39:01 - INFO - com.zaxxer.hikari.HikariDataSource - HikariPool-3 - Shutdown initiated...
2026-02-08 09:39:01 - INFO - com.zaxxer.hikari.HikariDataSource - HikariPool-3 - Shutdown completed.
2026-02-08 09:39:05 - INFO - c.e.EnterpriseflowApplication - Starting EnterpriseflowApplication using Java 17.0.12 with PID 1760 (F:\projects2025\EnterpriseFlow\enterpriseflow\target\classes started by kalim in F:\projects2025\EnterpriseFlow\enterpriseflow)
2026-02-08 09:39:05 - INFO - c.e.EnterpriseflowApplication - The following 1 profile is active: "dev"
2026-02-08 09:39:05 - INFO - o.s.d.r.c.RepositoryConfigurationDelegate - Bootstrapping Spring Data JPA repositories in DEFAULT mode.
2026-02-08 09:39:05 - INFO - o.s.d.r.c.RepositoryConfigurationDelegate - Finished Spring Data repository scanning in 10 ms. Found 0 JPA repository interfaces.
2026-02-08 09:39:05 - INFO - o.s.b.w.e.tomcat.TomcatWebServer - Tomcat initialized with port 8080 (http)
2026-02-08 09:39:05 - INFO - o.a.catalina.core.StandardService - Starting service [Tomcat]
2026-02-08 09:39:05 - INFO - o.a.catalina.core.StandardEngine - Starting Servlet engine: [Apache Tomcat/10.1.50]
2026-02-08 09:39:05 - INFO - o.a.c.c.C.[Tomcat-1].[localhost].[/] - Initializing Spring embedded WebApplicationContext
2026-02-08 09:39:05 - INFO - o.s.b.w.s.c.ServletWebServerApplicationContext - Root WebApplicationContext: initialization completed in 807 ms
2026-02-08 09:39:05 - INFO - o.h.jpa.internal.util.LogHelper - HHH000204: Processing PersistenceUnitInfo [name: default]
2026-02-08 09:39:05 - INFO - o.h.c.i.RegionFactoryInitiator - HHH000026: Second-level cache disabled
2026-02-08 09:39:06 - INFO - o.s.o.j.p.SpringPersistenceUnitInfo - No LoadTimeWeaver setup: ignoring JPA class transformer
2026-02-08 09:39:06 - INFO - com.zaxxer.hikari.HikariDataSource - HikariPool-4 - Starting...
2026-02-08 09:39:06 - INFO - com.zaxxer.hikari.pool.HikariPool - HikariPool-4 - Added connection com.mysql.cj.jdbc.ConnectionImpl@6f5a1e75
2026-02-08 09:39:06 - INFO - com.zaxxer.hikari.HikariDataSource - HikariPool-4 - Start completed.
2026-02-08 09:39:06 - INFO - o.hibernate.orm.connections.pooling - HHH10001005: Database info:
	Database JDBC URL [Connecting through datasource 'HikariDataSource (HikariPool-4)']
	Database driver: undefined/unknown
	Database version: 8.0.44
	Autocommit mode: undefined/unknown
	Isolation level: undefined/unknown
	Minimum pool size: undefined/unknown
	Maximum pool size: undefined/unknown
2026-02-08 09:39:06 - INFO - o.h.e.t.j.p.i.JtaPlatformInitiator - HHH000489: No JTA platform available (set 'hibernate.transaction.jta.platform' to enable JTA platform integration)
2026-02-08 09:39:06 - INFO - o.s.o.j.LocalContainerEntityManagerFactoryBean - Initialized JPA EntityManagerFactory for persistence unit 'default'
2026-02-08 09:39:06 - WARN - o.s.b.a.o.j.JpaBaseConfiguration$JpaWebConfiguration - spring.jpa.open-in-view is enabled by default. Therefore, database queries may be performed during view rendering. Explicitly configure spring.jpa.open-in-view to disable this warning
2026-02-08 09:39:06 - WARN - o.s.b.a.s.s.UserDetailsServiceAutoConfiguration - 

Using generated security password: da03ad6f-8588-4059-a8d3-a178b7de6930

This generated password is for development use only. Your security configuration must be updated before running your application in production.

2026-02-08 09:39:06 - INFO - o.s.s.c.a.a.c.InitializeUserDetailsBeanManagerConfigurer$InitializeUserDetailsManagerConfigurer - Global AuthenticationManager configured with UserDetailsService bean with name inMemoryUserDetailsManager
2026-02-08 09:39:06 - INFO - o.s.b.d.a.OptionalLiveReloadServer - LiveReload server is running on port 35729
2026-02-08 09:39:06 - INFO - o.s.b.w.e.tomcat.TomcatWebServer - Tomcat started on port 8080 (http) with context path '/'
2026-02-08 09:39:06 - INFO - c.e.EnterpriseflowApplication - Started EnterpriseflowApplication in 1.971 seconds (process running for 71970.762)
2026-02-08 09:39:06 - INFO - o.s.b.d.a.ConditionEvaluationDeltaLoggingListener - Condition evaluation unchanged
2026-02-08 09:39:13 - INFO - o.s.b.a.SpringApplicationAdminMXBeanRegistrar$SpringApplicationAdmin - Application shutdown requested.
2026-02-08 09:39:13 - INFO - o.s.b.w.e.tomcat.GracefulShutdown - Commencing graceful shutdown. Waiting for active requests to complete
2026-02-08 09:39:14 - INFO - o.s.b.w.e.tomcat.GracefulShutdown - Graceful shutdown complete
2026-02-08 09:39:14 - INFO - o.s.o.j.LocalContainerEntityManagerFactoryBean - Closing JPA EntityManagerFactory for persistence unit 'default'
2026-02-08 09:39:14 - INFO - com.zaxxer.hikari.HikariDataSource - HikariPool-4 - Shutdown initiated...
2026-02-08 09:39:14 - INFO - com.zaxxer.hikari.HikariDataSource - HikariPool-4 - Shutdown completed.
