2026-02-07 13:45:58 - INFO - c.e.EnterpriseflowApplication - Starting EnterpriseflowApplication using Java 17.0.12 with PID 1760 (F:\projects2025\EnterpriseFlow\enterpriseflow\target\classes started by kalim in F:\projects2025\EnterpriseFlow\enterpriseflow)
2026-02-07 13:45:58 - INFO - c.e.EnterpriseflowApplication - The following 1 profile is active: "dev"
2026-02-07 13:45:58 - INFO - o.s.d.r.c.RepositoryConfigurationDelegate - Bootstrapping Spring Data JPA repositories in DEFAULT mode.
2026-02-07 13:45:58 - INFO - o.s.d.r.c.RepositoryConfigurationDelegate - Finished Spring Data repository scanning in 9 ms. Found 0 JPA repository interfaces.
2026-02-07 13:45:59 - INFO - o.s.b.w.e.tomcat.TomcatWebServer - Tomcat initialized with port 8080 (http)
2026-02-07 13:45:59 - INFO - o.a.catalina.core.StandardService - Starting service [Tomcat]
2026-02-07 13:45:59 - INFO - o.a.catalina.core.StandardEngine - Starting Servlet engine: [Apache Tomcat/10.1.50]
2026-02-07 13:45:59 - INFO - o.a.c.c.C.[Tomcat].[localhost].[/] - Initializing Spring embedded WebApplicationContext
2026-02-07 13:45:59 - INFO - o.s.b.w.s.c.ServletWebServerApplicationContext - Root WebApplicationContext: initialization completed in 600 ms
2026-02-07 13:45:59 - INFO - o.h.jpa.internal.util.LogHelper - HHH000204: Processing PersistenceUnitInfo [name: default]
2026-02-07 13:45:59 - INFO - o.h.c.i.RegionFactoryInitiator - HHH000026: Second-level cache disabled
2026-02-07 13:45:59 - INFO - o.s.o.j.p.SpringPersistenceUnitInfo - No LoadTimeWeaver setup: ignoring JPA class transformer
2026-02-07 13:45:59 - INFO - com.zaxxer.hikari.HikariDataSource - HikariPool-2 - Starting...
2026-02-07 13:45:59 - INFO - com.zaxxer.hikari.pool.HikariPool - HikariPool-2 - Added connection com.mysql.cj.jdbc.ConnectionImpl@7d3254ab
2026-02-07 13:45:59 - INFO - com.zaxxer.hikari.HikariDataSource - HikariPool-2 - Start completed.
2026-02-07 13:45:59 - INFO - o.hibernate.orm.connections.pooling - HHH10001005: Database info:
	Database JDBC URL [Connecting through datasource 'HikariDataSource (HikariPool-2)']
	Database driver: undefined/unknown
	Database version: 8.0.44
	Autocommit mode: undefined/unknown
	Isolation level: undefined/unknown
	Minimum pool size: undefined/unknown
	Maximum pool size: undefined/unknown
2026-02-07 13:45:59 - INFO - o.h.e.t.j.p.i.JtaPlatformInitiator - HHH000489: No JTA platform available (set 'hibernate.transaction.jta.platform' to enable JTA platform integration)
2026-02-07 13:45:59 - INFO - o.s.o.j.LocalContainerEntityManagerFactoryBean - Initialized JPA EntityManagerFactory for persistence unit 'default'
2026-02-07 13:45:59 - WARN - o.s.b.a.o.j.JpaBaseConfiguration$JpaWebConfiguration - spring.jpa.open-in-view is enabled by default. Therefore, database queries may be performed during view rendering. Explicitly configure spring.jpa.open-in-view to disable this warning
2026-02-07 13:45:59 - WARN - o.s.b.a.s.s.UserDetailsServiceAutoConfiguration - 

Using generated security password: 9804ff5a-db90-4035-bc57-e74ccb3a450b

This generated password is for development use only. Your security configuration must be updated before running your application in production.

2026-02-07 13:45:59 - INFO - o.s.s.c.a.a.c.InitializeUserDetailsBeanManagerConfigurer$InitializeUserDetailsManagerConfigurer - Global AuthenticationManager configured with UserDetailsService bean with name inMemoryUserDetailsManager
2026-02-07 13:45:59 - INFO - o.s.b.d.a.OptionalLiveReloadServer - LiveReload server is running on port 35729
2026-02-07 13:45:59 - INFO - o.s.b.w.e.tomcat.TomcatWebServer - Tomcat started on port 8080 (http) with context path '/'
2026-02-07 13:45:59 - INFO - c.e.EnterpriseflowApplication - Started EnterpriseflowApplication in 1.415 seconds (process running for 374.95)
2026-02-07 13:45:59 - INFO - o.s.b.d.a.ConditionEvaluationDeltaLoggingListener - Condition evaluation unchanged
2026-02-07 13:46:17 - INFO - o.s.b.d.a.LocalDevToolsAutoConfiguration$RestartingClassPathChangeChangedEventListener - Restarting due to 2 class path changes (1 addition, 1 deletion, 0 modifications)
2026-02-07 13:46:17 - INFO - o.s.b.w.e.tomcat.GracefulShutdown - Commencing graceful shutdown. Waiting for active requests to complete
2026-02-07 13:46:17 - INFO - o.s.b.w.e.tomcat.GracefulShutdown - Graceful shutdown complete
2026-02-07 13:46:17 - INFO - o.s.o.j.LocalContainerEntityManagerFactoryBean - Closing JPA EntityManagerFactory for persistence unit 'default'
2026-02-07 13:46:17 - INFO - com.zaxxer.hikari.HikariDataSource - HikariPool-2 - Shutdown initiated...
2026-02-07 13:46:17 - INFO - com.zaxxer.hikari.HikariDataSource - HikariPool-2 - Shutdown completed.
2026-02-07 13:46:17 - INFO - c.e.EnterpriseflowApplication - Starting EnterpriseflowApplication using Java 17.0.12 with PID 1760 (F:\projects2025\EnterpriseFlow\enterpriseflow\target\classes started by kalim in F:\projects2025\EnterpriseFlow\enterpriseflow)
2026-02-07 13:46:17 - INFO - c.e.EnterpriseflowApplication - The following 1 profile is active: "dev"
2026-02-07 13:46:18 - INFO - o.s.d.r.c.RepositoryConfigurationDelegate - Bootstrapping Spring Data JPA repositories in DEFAULT mode.
2026-02-07 13:46:18 - INFO - o.s.d.r.c.RepositoryConfigurationDelegate - Finished Spring Data repository scanning in 7 ms. Found 0 JPA repository interfaces.
2026-02-07 13:46:18 - INFO - o.s.b.w.e.tomcat.TomcatWebServer - Tomcat initialized with port 8080 (http)
2026-02-07 13:46:18 - INFO - o.a.catalina.core.StandardService - Starting service [Tomcat]
2026-02-07 13:46:18 - INFO - o.a.catalina.core.StandardEngine - Starting Servlet engine: [Apache Tomcat/10.1.50]
2026-02-07 13:46:18 - INFO - o.a.c.c.C.[Tomcat].[localhost].[/] - Initializing Spring embedded WebApplicationContext
2026-02-07 13:46:18 - INFO - o.s.b.w.s.c.ServletWebServerApplicationContext - Root WebApplicationContext: initialization completed in 513 ms
2026-02-07 13:46:18 - INFO - o.h.jpa.internal.util.LogHelper - HHH000204: Processing PersistenceUnitInfo [name: default]
2026-02-07 13:46:18 - INFO - o.h.c.i.RegionFactoryInitiator - HHH000026: Second-level cache disabled
2026-02-07 13:46:18 - INFO - o.s.o.j.p.SpringPersistenceUnitInfo - No LoadTimeWeaver setup: ignoring JPA class transformer
2026-02-07 13:46:18 - INFO - com.zaxxer.hikari.HikariDataSource - HikariPool-3 - Starting...
2026-02-07 13:46:18 - INFO - com.zaxxer.hikari.pool.HikariPool - HikariPool-3 - Added connection com.mysql.cj.jdbc.ConnectionImpl@4f48cf18
2026-02-07 13:46:18 - INFO - com.zaxxer.hikari.HikariDataSource - HikariPool-3 - Start completed.
2026-02-07 13:46:18 - INFO - o.hibernate.orm.connections.pooling - HHH10001005: Database info:
	Database JDBC URL [Connecting through datasource 'HikariDataSource (HikariPool-3)']
	Database driver: undefined/unknown
	Database version: 8.0.44
	Autocommit mode: undefined/unknown
	Isolation level: undefined/unknown
	Minimum pool size: undefined/unknown
	Maximum pool size: undefined/unknown
2026-02-07 13:46:18 - INFO - o.h.e.t.j.p.i.JtaPlatformInitiator - HHH000489: No JTA platform available (set 'hibernate.transaction.jta.platform' to enable JTA platform integration)
2026-02-07 13:46:18 - INFO - o.s.o.j.LocalContainerEntityManagerFactoryBean - Initialized JPA EntityManagerFactory for persistence unit 'default'
2026-02-07 13:46:18 - WARN - o.s.b.a.o.j.JpaBaseConfiguration$JpaWebConfiguration - spring.jpa.open-in-view is enabled by default. Therefore, database queries may be performed during view rendering. Explicitly configure spring.jpa.open-in-view to disable this warning
2026-02-07 13:46:18 - WARN - o.s.b.a.s.s.UserDetailsServiceAutoConfiguration - 

Using generated security password: 9f25c861-b0e2-4d67-af03-69ecddfa3d75

This generated password is for development use only. Your security configuration must be updated before running your application in production.

2026-02-07 13:46:18 - INFO - o.s.s.c.a.a.c.InitializeUserDetailsBeanManagerConfigurer$InitializeUserDetailsManagerConfigurer - Global AuthenticationManager configured with UserDetailsService bean with name inMemoryUserDetailsManager
2026-02-07 13:46:18 - INFO - o.s.b.d.a.OptionalLiveReloadServer - LiveReload server is running on port 35729
2026-02-07 13:46:18 - INFO - o.s.b.w.e.tomcat.TomcatWebServer - Tomcat started on port 8080 (http) with context path '/'
2026-02-07 13:46:18 - INFO - c.e.EnterpriseflowApplication - Started EnterpriseflowApplication in 1.085 seconds (process running for 394.178)
2026-02-07 13:46:18 - INFO - o.s.b.d.a.ConditionEvaluationDeltaLoggingListener - Condition evaluation unchanged
2026-02-07 19:30:34 - WARN - com.zaxxer.hikari.pool.HikariPool - HikariPool-3 - Thread starvation or clock leap detected (housekeeper delta=2h23m42s715ms158µs500ns).
2026-02-07 23:04:39 - WARN - com.zaxxer.hikari.pool.HikariPool - HikariPool-3 - Thread starvation or clock leap detected (housekeeper delta=37m31s292ms608µs500ns).
